../Core/Src/main.c:80:5:main	8	static
../Core/Src/main.c:126:6:SystemClock_Config	96	static
../Core/Src/main.c:176:13:MX_USART1_UART_Init	8	static
../Core/Src/main.c:211:13:MX_USART2_UART_Init	8	static
../Core/Src/main.c:244:13:MX_DMA_Init	16	static
../Core/Src/main.c:263:13:MX_GPIO_Init	24	static
../Core/Src/main.c:278:6:HAL_UART_RxCpltCallback	16	static
../Core/Src/main.c:282:6:get_location	16	static
../Core/Src/main.c:308:6:Format_data	144	static
../Core/Src/main.c:324:6:Error_Handler	4	static,ignoring_inline_asm
