../Core/Src/bmi08g.c:224:8:bmi08g_init	24	static
../Core/Src/bmi08g.c:261:8:bmi08g_get_regs	32	static
../Core/Src/bmi08g.c:293:8:bmi08g_set_regs	32	static
../Core/Src/bmi08g.c:340:8:bmi08g_soft_reset	24	static
../Core/Src/bmi08g.c:369:8:bmi08g_get_meas_conf	24	static
../Core/Src/bmi08g.c:397:8:bmi08g_set_meas_conf	24	static
../Core/Src/bmi08g.c:469:8:bmi08g_get_power_mode	24	static
../Core/Src/bmi08g.c:495:8:bmi08g_set_power_mode	24	static
../Core/Src/bmi08g.c:558:8:bmi08g_get_data	32	static
../Core/Src/bmi08g.c:605:8:bmi08g_set_int_config	24	static
../Core/Src/bmi08g.c:647:8:bmi08g_perform_selftest	24	static
../Core/Src/bmi08g.c:713:8:bmi08g_get_data_int_status	24	static
../Core/Src/bmi08g.c:737:8:bmi08g_get_fifo_overrun	24	static
../Core/Src/bmi08g.c:762:8:bmi08g_get_fifo_config	24	static
../Core/Src/bmi08g.c:794:8:bmi08g_set_fifo_config	24	static
../Core/Src/bmi08g.c:821:8:bmi08g_get_fifo_length	24	static
../Core/Src/bmi08g.c:853:8:bmi08g_read_fifo_data	24	static
../Core/Src/bmi08g.c:872:6:bmi08g_extract_gyro	32	static
../Core/Src/bmi08g.c:891:8:bmi08g_enable_watermark	24	static
../Core/Src/bmi08g.c:922:15:null_ptr_check	24	static
../Core/Src/bmi08g.c:944:15:get_regs	40	static
../Core/Src/bmi08g.c:969:15:set_regs	40	static
../Core/Src/bmi08g.c:1021:15:set_gyro_data_ready_int	24	static
../Core/Src/bmi08g.c:1090:15:set_fifo_int	24	static
../Core/Src/bmi08g.c:1160:15:set_int_pin_config	24	static
../Core/Src/bmi08g.c:1202:15:set_gyro_selftest	24	static
../Core/Src/bmi08g.c:1233:13:get_fifo_data_length	24	static
../Core/Src/bmi08g.c:1248:13:parse_fifo_gyro_len	24	static
../Core/Src/bmi08g.c:1273:13:unpack_gyro_data	32	static
