../Core/Src/main.c:220:1:__io_putchar	16	static
../Core/Src/main.c:236:15:init_bmi08x_get_data	16	static
../Core/Src/main.c:299:15:init_bmi08x_sync	16	static
../Core/Src/main.c:379:15:enable_bmi08x_interrupt	16	static
../Core/Src/main.c:426:15:disable_bmi08x_interrupt	16	static
../Core/Src/main.c:466:15:enable_bmi08x_data_synchronization_interrupt	16	static
../Core/Src/main.c:519:15:disable_bmi08x_data_synchronization_interrupt	16	static
../Core/Src/main.c:603:5:main	96	static
../Core/Src/main.c:771:6:SystemClock_Config	96	static
../Core/Src/main.c:829:13:MX_SPI1_Init	8	static
../Core/Src/main.c:867:13:MX_TIM2_Init	40	static
../Core/Src/main.c:909:13:MX_USART2_UART_Init	8	static
../Core/Src/main.c:942:13:MX_GPIO_Init	48	static
../Core/Src/main.c:985:14:lsb_to_mps2	32	static
../Core/Src/main.c:998:14:lsb_to_dps	32	static
../Core/Src/main.c:1008:22:bmi08x_spi_read	32	static
../Core/Src/main.c:1027:22:bmi08x_spi_write	32	static
../Core/Src/main.c:1047:6:bmi08x_delay_us	16	static
../Core/Src/main.c:1058:8:bmi08x_interface_init	24	static
../Core/Src/main.c:1156:6:bmi08x_error_codes_print_result	16	static
../Core/Src/main.c:1192:6:Error_Handler	4	static,ignoring_inline_asm
